/home/yue/.m2/repository/org/nd4j/nd4j-native-platform/1.0.0-beta2/nd4j-native-platform-1.0.0-beta2.jar:/home/yue/.m2/repository/org/bytedeco/javacpp-presets/openblas-platform/0.3.0-1.4.2/openblas-platform-0.3.0-1.4.2.jar:/home/yue/.m2/repository/org/bytedeco/javacpp-presets/openblas/0.3.0-1.4.2/openblas-0.3.0-1.4.2.jar:/home/yue/.m2/repository/org/bytedeco/javacpp-presets/openblas/0.3.0-1.4.2/openblas-0.3.0-1.4.2-android-arm.jar:/home/yue/.m2/repository/org/bytedeco/javacpp-presets/openblas/0.3.0-1.4.2/openblas-0.3.0-1.4.2-android-arm64.jar:/home/yue/.m2/repository/org/bytedeco/javacpp-presets/openblas/0.3.0-1.4.2/openblas-0.3.0-1.4.2-android-x86.jar:/home/yue/.m2/repository/org/bytedeco/javacpp-presets/openblas/0.3.0-1.4.2/openblas-0.3.0-1.4.2-android-x86_64.jar:/home/yue/.m2/repository/org/bytedeco/javacpp-presets/openblas/0.3.0-1.4.2/openblas-0.3.0-1.4.2-ios-arm64.jar:/home/yue/.m2/repository/org/bytedeco/javacpp-presets/openblas/0.3.0-1.4.2/openblas-0.3.0-1.4.2-ios-x86_64.jar:/home/yue/.m2/repository/org/bytedeco/javacpp-presets/openblas/0.3.0-1.4.2/openblas-0.3.0-1.4.2-linux-x86.jar:/home/yue/.m2/repository/org/bytedeco/javacpp-presets/openblas/0.3.0-1.4.2/openblas-0.3.0-1.4.2-linux-x86_64.jar:/home/yue/.m2/repository/org/bytedeco/javacpp-presets/openblas/0.3.0-1.4.2/openblas-0.3.0-1.4.2-linux-armhf.jar:/home/yue/.m2/repository/org/bytedeco/javacpp-presets/openblas/0.3.0-1.4.2/openblas-0.3.0-1.4.2-linux-ppc64le.jar:/home/yue/.m2/repository/org/bytedeco/javacpp-presets/openblas/0.3.0-1.4.2/openblas-0.3.0-1.4.2-macosx-x86_64.jar:/home/yue/.m2/repository/org/bytedeco/javacpp-presets/openblas/0.3.0-1.4.2/openblas-0.3.0-1.4.2-windows-x86.jar:/home/yue/.m2/repository/org/bytedeco/javacpp-presets/openblas/0.3.0-1.4.2/openblas-0.3.0-1.4.2-windows-x86_64.jar:/home/yue/.m2/repository/org/bytedeco/javacpp-presets/mkl-platform/2018.3-1.4.2/mkl-platform-2018.3-1.4.2.jar:/home/yue/.m2/repository/org/bytedeco/javacpp-presets/mkl/2018.3-1.4.2/mkl-2018.3-1.4.2.jar:/home/yue/.m2/repository/org/bytedeco/javacpp-presets/mkl/2018.3-1.4.2/mkl-2018.3-1.4.2-linux-x86.jar:/home/yue/.m2/repository/org/bytedeco/javacpp-presets/mkl/2018.3-1.4.2/mkl-2018.3-1.4.2-linux-x86_64.jar:/home/yue/.m2/repository/org/bytedeco/javacpp-presets/mkl/2018.3-1.4.2/mkl-2018.3-1.4.2-macosx-x86_64.jar:/home/yue/.m2/repository/org/bytedeco/javacpp-presets/mkl/2018.3-1.4.2/mkl-2018.3-1.4.2-windows-x86.jar:/home/yue/.m2/repository/org/bytedeco/javacpp-presets/mkl/2018.3-1.4.2/mkl-2018.3-1.4.2-windows-x86_64.jar:/home/yue/.m2/repository/org/bytedeco/javacpp-presets/mkl-dnn-platform/0.15-1.4.2/mkl-dnn-platform-0.15-1.4.2.jar:/home/yue/.m2/repository/org/bytedeco/javacpp-presets/mkl-dnn/0.15-1.4.2/mkl-dnn-0.15-1.4.2.jar:/home/yue/.m2/repository/org/bytedeco/javacpp-presets/mkl-dnn/0.15-1.4.2/mkl-dnn-0.15-1.4.2-linux-x86_64.jar:/home/yue/.m2/repository/org/bytedeco/javacpp-presets/mkl-dnn/0.15-1.4.2/mkl-dnn-0.15-1.4.2-macosx-x86_64.jar:/home/yue/.m2/repository/org/bytedeco/javacpp-presets/mkl-dnn/0.15-1.4.2/mkl-dnn-0.15-1.4.2-windows-x86_64.jar:/home/yue/.m2/repository/org/nd4j/nd4j-native/1.0.0-beta2/nd4j-native-1.0.0-beta2.jar:/home/yue/.m2/repository/org/bytedeco/javacpp/1.4.2/javacpp-1.4.2.jar:/home/yue/.m2/repository/org/nd4j/nd4j-native/1.0.0-beta2/nd4j-native-1.0.0-beta2-android-arm.jar:/home/yue/.m2/repository/org/nd4j/nd4j-native/1.0.0-beta2/nd4j-native-1.0.0-beta2-android-arm64.jar:/home/yue/.m2/repository/org/nd4j/nd4j-native/1.0.0-beta2/nd4j-native-1.0.0-beta2-android-x86.jar:/home/yue/.m2/repository/org/nd4j/nd4j-native/1.0.0-beta2/nd4j-native-1.0.0-beta2-android-x86_64.jar:/home/yue/.m2/repository/org/nd4j/nd4j-native/1.0.0-beta2/nd4j-native-1.0.0-beta2-ios-arm64.jar:/home/yue/.m2/repository/org/nd4j/nd4j-native/1.0.0-beta2/nd4j-native-1.0.0-beta2-ios-x86_64.jar:/home/yue/.m2/repository/org/nd4j/nd4j-native/1.0.0-beta2/nd4j-native-1.0.0-beta2-linux-x86_64.jar:/home/yue/.m2/repository/org/nd4j/nd4j-native/1.0.0-beta2/nd4j-native-1.0.0-beta2-macosx-x86_64.jar:/home/yue/.m2/repository/org/nd4j/nd4j-native/1.0.0-beta2/nd4j-native-1.0.0-beta2-windows-x86_64.jar:/home/yue/.m2/repository/org/nd4j/nd4j-native/1.0.0-beta2/nd4j-native-1.0.0-beta2-linux-ppc64le.jar:/home/yue/.m2/repository/org/deeplearning4j/deeplearning4j-core/1.0.0-beta2/deeplearning4j-core-1.0.0-beta2.jar:/home/yue/.m2/repository/org/deeplearning4j/deeplearning4j-tsne/1.0.0-beta2/deeplearning4j-tsne-1.0.0-beta2.jar:/home/yue/.m2/repository/org/deeplearning4j/nearestneighbor-core/1.0.0-beta2/nearestneighbor-core-1.0.0-beta2.jar:/home/yue/.m2/repository/org/deeplearning4j/deeplearning4j-datasets/1.0.0-beta2/deeplearning4j-datasets-1.0.0-beta2.jar:/home/yue/.m2/repository/org/deeplearning4j/deeplearning4j-datavec-iterators/1.0.0-beta2/deeplearning4j-datavec-iterators-1.0.0-beta2.jar:/home/yue/.m2/repository/org/deeplearning4j/deeplearning4j-modelimport/1.0.0-beta2/deeplearning4j-modelimport-1.0.0-beta2.jar:/home/yue/.m2/repository/org/bytedeco/javacpp-presets/hdf5-platform/1.10.2-1.4.2/hdf5-platform-1.10.2-1.4.2.jar:/home/yue/.m2/repository/org/bytedeco/javacpp-presets/hdf5/1.10.2-1.4.2/hdf5-1.10.2-1.4.2.jar:/home/yue/.m2/repository/org/bytedeco/javacpp-presets/hdf5/1.10.2-1.4.2/hdf5-1.10.2-1.4.2-linux-x86.jar:/home/yue/.m2/repository/org/bytedeco/javacpp-presets/hdf5/1.10.2-1.4.2/hdf5-1.10.2-1.4.2-linux-x86_64.jar:/home/yue/.m2/repository/org/bytedeco/javacpp-presets/hdf5/1.10.2-1.4.2/hdf5-1.10.2-1.4.2-linux-ppc64le.jar:/home/yue/.m2/repository/org/bytedeco/javacpp-presets/hdf5/1.10.2-1.4.2/hdf5-1.10.2-1.4.2-macosx-x86_64.jar:/home/yue/.m2/repository/org/bytedeco/javacpp-presets/hdf5/1.10.2-1.4.2/hdf5-1.10.2-1.4.2-windows-x86.jar:/home/yue/.m2/repository/org/bytedeco/javacpp-presets/hdf5/1.10.2-1.4.2/hdf5-1.10.2-1.4.2-windows-x86_64.jar:/home/yue/.m2/repository/org/slf4j/slf4j-api/1.7.21/slf4j-api-1.7.21.jar:/home/yue/.m2/repository/org/deeplearning4j/deeplearning4j-nn/1.0.0-beta2/deeplearning4j-nn-1.0.0-beta2.jar:/home/yue/.m2/repository/org/deeplearning4j/deeplearning4j-utility-iterators/1.0.0-beta2/deeplearning4j-utility-iterators-1.0.0-beta2.jar:/home/yue/.m2/repository/org/deeplearning4j/deeplearning4j-util/1.0.0-beta2/deeplearning4j-util-1.0.0-beta2.jar:/home/yue/.m2/repository/org/nd4j/nd4j-common/1.0.0-beta2/nd4j-common-1.0.0-beta2.jar:/home/yue/.m2/repository/com/github/oshi/oshi-core/3.4.2/oshi-core-3.4.2.jar:/home/yue/.m2/repository/net/java/dev/jna/jna-platform/4.3.0/jna-platform-4.3.0.jar:/home/yue/.m2/repository/net/java/dev/jna/jna/4.3.0/jna-4.3.0.jar:/home/yue/.m2/repository/org/threeten/threetenbp/1.3.3/threetenbp-1.3.3.jar:/home/yue/.m2/repository/it/unimi/dsi/fastutil/6.5.7/fastutil-6.5.7.jar:/home/yue/.m2/repository/org/apache/commons/commons-math3/3.5/commons-math3-3.5.jar:/home/yue/.m2/repository/commons-io/commons-io/2.5/commons-io-2.5.jar:/home/yue/.m2/repository/org/apache/commons/commons-compress/1.16.1/commons-compress-1.16.1.jar:/home/yue/.m2/repository/org/nd4j/nd4j-api/1.0.0-beta2/nd4j-api-1.0.0-beta2.jar:/home/yue/.m2/repository/com/vlkan/flatbuffers/1.2.0-3f79e055/flatbuffers-1.2.0-3f79e055.jar:/home/yue/.m2/repository/com/github/os72/protobuf-java-shaded-351/0.9/protobuf-java-shaded-351-0.9.jar:/home/yue/.m2/repository/com/github/os72/protobuf-java-util-shaded-351/0.9/protobuf-java-util-shaded-351-0.9.jar:/home/yue/.m2/repository/com/google/guava/guava/19.0/guava-19.0.jar:/home/yue/.m2/repository/com/google/code/gson/gson/2.7/gson-2.7.jar:/home/yue/.m2/repository/uk/com/robust-it/cloning/1.9.3/cloning-1.9.3.jar:/home/yue/.m2/repository/org/nd4j/nd4j-buffer/1.0.0-beta2/nd4j-buffer-1.0.0-beta2.jar:/home/yue/.m2/repository/org/nd4j/nd4j-context/1.0.0-beta2/nd4j-context-1.0.0-beta2.jar:/home/yue/.m2/repository/net/ericaro/neoitertools/1.0.0/neoitertools-1.0.0.jar:/home/yue/.m2/repository/org/apache/commons/commons-lang3/3.6/commons-lang3-3.6.jar:/home/yue/.m2/repository/org/nd4j/jackson/1.0.0-beta2/jackson-1.0.0-beta2.jar:/home/yue/.m2/repository/org/yaml/snakeyaml/1.12/snakeyaml-1.12.jar:/home/yue/.m2/repository/org/codehaus/woodstox/stax2-api/3.1.4/stax2-api-3.1.4.jar:/home/yue/.m2/repository/joda-time/joda-time/2.2/joda-time-2.2.jar:/home/yue/.m2/repository/org/datavec/datavec-api/1.0.0-beta2/datavec-api-1.0.0-beta2.jar:/home/yue/.m2/repository/org/jetbrains/annotations/13.0/annotations-13.0.jar:/home/yue/.m2/repository/org/freemarker/freemarker/2.3.23/freemarker-2.3.23.jar:/home/yue/.m2/repository/com/clearspring/analytics/stream/2.7.0/stream-2.7.0.jar:/home/yue/.m2/repository/net/sf/opencsv/opencsv/2.3/opencsv-2.3.jar:/home/yue/.m2/repository/com/tdunning/t-digest/3.2/t-digest-3.2.jar:/home/yue/.m2/repository/org/datavec/datavec-data-image/1.0.0-beta2/datavec-data-image-1.0.0-beta2.jar:/home/yue/.m2/repository/com/github/jai-imageio/jai-imageio-core/1.3.0/jai-imageio-core-1.3.0.jar:/home/yue/.m2/repository/com/twelvemonkeys/imageio/imageio-jpeg/3.1.1/imageio-jpeg-3.1.1.jar:/home/yue/.m2/repository/com/twelvemonkeys/imageio/imageio-core/3.1.1/imageio-core-3.1.1.jar:/home/yue/.m2/repository/com/twelvemonkeys/imageio/imageio-metadata/3.1.1/imageio-metadata-3.1.1.jar:/home/yue/.m2/repository/com/twelvemonkeys/common/common-lang/3.1.1/common-lang-3.1.1.jar:/home/yue/.m2/repository/com/twelvemonkeys/common/common-io/3.1.1/common-io-3.1.1.jar:/home/yue/.m2/repository/com/twelvemonkeys/common/common-image/3.1.1/common-image-3.1.1.jar:/home/yue/.m2/repository/com/twelvemonkeys/imageio/imageio-tiff/3.1.1/imageio-tiff-3.1.1.jar:/home/yue/.m2/repository/com/twelvemonkeys/imageio/imageio-psd/3.1.1/imageio-psd-3.1.1.jar:/home/yue/.m2/repository/com/twelvemonkeys/imageio/imageio-bmp/3.1.1/imageio-bmp-3.1.1.jar:/home/yue/.m2/repository/org/bytedeco/javacv/1.4.2/javacv-1.4.2.jar:/home/yue/.m2/repository/org/bytedeco/javacpp-presets/opencv/3.4.2-1.4.2/opencv-3.4.2-1.4.2.jar:/home/yue/.m2/repository/org/bytedeco/javacpp-presets/ffmpeg/4.0.1-1.4.2/ffmpeg-4.0.1-1.4.2.jar:/home/yue/.m2/repository/org/bytedeco/javacpp-presets/flycapture/2.11.3.121-1.4.2/flycapture-2.11.3.121-1.4.2.jar:/home/yue/.m2/repository/org/bytedeco/javacpp-presets/libdc1394/2.2.5-1.4.2/libdc1394-2.2.5-1.4.2.jar:/home/yue/.m2/repository/org/bytedeco/javacpp-presets/libfreenect/0.5.3-1.4.2/libfreenect-0.5.3-1.4.2.jar:/home/yue/.m2/repository/org/bytedeco/javacpp-presets/libfreenect2/0.2.0-1.4.2/libfreenect2-0.2.0-1.4.2.jar:/home/yue/.m2/repository/org/bytedeco/javacpp-presets/librealsense/1.12.1-1.4.2/librealsense-1.12.1-1.4.2.jar:/home/yue/.m2/repository/org/bytedeco/javacpp-presets/videoinput/0.200-1.4.2/videoinput-0.200-1.4.2.jar:/home/yue/.m2/repository/org/bytedeco/javacpp-presets/artoolkitplus/2.3.1-1.4.2/artoolkitplus-2.3.1-1.4.2.jar:/home/yue/.m2/repository/org/bytedeco/javacpp-presets/flandmark/1.07-1.4.2/flandmark-1.07-1.4.2.jar:/home/yue/.m2/repository/org/bytedeco/javacpp-presets/leptonica/1.76.0-1.4.2/leptonica-1.76.0-1.4.2.jar:/home/yue/.m2/repository/org/bytedeco/javacpp-presets/tesseract/4.0.0-beta.3-1.4.2/tesseract-4.0.0-beta.3-1.4.2.jar:/home/yue/.m2/repository/org/bytedeco/javacpp-presets/opencv-platform/3.4.2-1.4.2/opencv-platform-3.4.2-1.4.2.jar:/home/yue/.m2/repository/org/bytedeco/javacpp-presets/opencv/3.4.2-1.4.2/opencv-3.4.2-1.4.2-android-arm.jar:/home/yue/.m2/repository/org/bytedeco/javacpp-presets/opencv/3.4.2-1.4.2/opencv-3.4.2-1.4.2-android-arm64.jar:/home/yue/.m2/repository/org/bytedeco/javacpp-presets/opencv/3.4.2-1.4.2/opencv-3.4.2-1.4.2-android-x86.jar:/home/yue/.m2/repository/org/bytedeco/javacpp-presets/opencv/3.4.2-1.4.2/opencv-3.4.2-1.4.2-android-x86_64.jar:/home/yue/.m2/repository/org/bytedeco/javacpp-presets/opencv/3.4.2-1.4.2/opencv-3.4.2-1.4.2-ios-arm64.jar:/home/yue/.m2/repository/org/bytedeco/javacpp-presets/opencv/3.4.2-1.4.2/opencv-3.4.2-1.4.2-ios-x86_64.jar:/home/yue/.m2/repository/org/bytedeco/javacpp-presets/opencv/3.4.2-1.4.2/opencv-3.4.2-1.4.2-linux-x86.jar:/home/yue/.m2/repository/org/bytedeco/javacpp-presets/opencv/3.4.2-1.4.2/opencv-3.4.2-1.4.2-linux-x86_64.jar:/home/yue/.m2/repository/org/bytedeco/javacpp-presets/opencv/3.4.2-1.4.2/opencv-3.4.2-1.4.2-linux-armhf.jar:/home/yue/.m2/repository/org/bytedeco/javacpp-presets/opencv/3.4.2-1.4.2/opencv-3.4.2-1.4.2-linux-ppc64le.jar:/home/yue/.m2/repository/org/bytedeco/javacpp-presets/opencv/3.4.2-1.4.2/opencv-3.4.2-1.4.2-macosx-x86_64.jar:/home/yue/.m2/repository/org/bytedeco/javacpp-presets/opencv/3.4.2-1.4.2/opencv-3.4.2-1.4.2-windows-x86.jar:/home/yue/.m2/repository/org/bytedeco/javacpp-presets/opencv/3.4.2-1.4.2/opencv-3.4.2-1.4.2-windows-x86_64.jar:/home/yue/.m2/repository/org/bytedeco/javacpp-presets/leptonica-platform/1.76.0-1.4.2/leptonica-platform-1.76.0-1.4.2.jar:/home/yue/.m2/repository/org/bytedeco/javacpp-presets/leptonica/1.76.0-1.4.2/leptonica-1.76.0-1.4.2-android-arm.jar:/home/yue/.m2/repository/org/bytedeco/javacpp-presets/leptonica/1.76.0-1.4.2/leptonica-1.76.0-1.4.2-android-arm64.jar:/home/yue/.m2/repository/org/bytedeco/javacpp-presets/leptonica/1.76.0-1.4.2/leptonica-1.76.0-1.4.2-android-x86.jar:/home/yue/.m2/repository/org/bytedeco/javacpp-presets/leptonica/1.76.0-1.4.2/leptonica-1.76.0-1.4.2-android-x86_64.jar:/home/yue/.m2/repository/org/bytedeco/javacpp-presets/leptonica/1.76.0-1.4.2/leptonica-1.76.0-1.4.2-linux-x86.jar:/home/yue/.m2/repository/org/bytedeco/javacpp-presets/leptonica/1.76.0-1.4.2/leptonica-1.76.0-1.4.2-linux-x86_64.jar:/home/yue/.m2/repository/org/bytedeco/javacpp-presets/leptonica/1.76.0-1.4.2/leptonica-1.76.0-1.4.2-linux-armhf.jar:/home/yue/.m2/repository/org/bytedeco/javacpp-presets/leptonica/1.76.0-1.4.2/leptonica-1.76.0-1.4.2-linux-ppc64le.jar:/home/yue/.m2/repository/org/bytedeco/javacpp-presets/leptonica/1.76.0-1.4.2/leptonica-1.76.0-1.4.2-macosx-x86_64.jar:/home/yue/.m2/repository/org/bytedeco/javacpp-presets/leptonica/1.76.0-1.4.2/leptonica-1.76.0-1.4.2-windows-x86.jar:/home/yue/.m2/repository/org/bytedeco/javacpp-presets/leptonica/1.76.0-1.4.2/leptonica-1.76.0-1.4.2-windows-x86_64.jar:/home/yue/.m2/repository/org/deeplearning4j/deeplearning4j-ui-components/1.0.0-beta2/deeplearning4j-ui-components-1.0.0-beta2.jar:/home/yue/.m2/repository/org/deeplearning4j/deeplearning4j-nlp/1.0.0-beta2/deeplearning4j-nlp-1.0.0-beta2.jar:/home/yue/.m2/repository/org/nd4j/nd4j-native-api/1.0.0-beta2/nd4j-native-api-1.0.0-beta2.jar:/home/yue/.m2/repository/commons-lang/commons-lang/2.6/commons-lang-2.6.jar:/home/yue/.m2/repository/org/threadly/threadly/4.10.0/threadly-4.10.0.jar:/home/yue/.m2/repository/org/objenesis/objenesis/2.6/objenesis-2.6.jar:/home/yue/.m2/repository/org/nd4j/nd4j-jackson/1.0.0-beta2/nd4j-jackson-1.0.0-beta2.jar:/home/yue/.m2/repository/org/nd4j/nd4j-base64/1.0.0-beta2/nd4j-base64-1.0.0-beta2.jar:/home/yue/.m2/repository/org/deeplearning4j/deeplearning4j-zoo/1.0.0-beta2/deeplearning4j-zoo-1.0.0-beta2.jar:/home/yue/.m2/repository/org/deeplearning4j/deeplearning4j-common/1.0.0-beta2/deeplearning4j-common-1.0.0-beta2.jar:/home/yue/.m2/repository/org/deeplearning4j/deeplearning4j-ui_2.11/1.0.0-beta2/deeplearning4j-ui_2.11-1.0.0-beta2.jar:/home/yue/.m2/repository/org/deeplearning4j/deeplearning4j-play_2.11/1.0.0-beta2/deeplearning4j-play_2.11-1.0.0-beta2.jar:/home/yue/.m2/repository/com/typesafe/akka/akka-actor_2.11/2.3.16/akka-actor_2.11-2.3.16.jar:/home/yue/.m2/repository/com/typesafe/akka/akka-slf4j_2.11/2.3.16/akka-slf4j_2.11-2.3.16.jar:/home/yue/.m2/repository/javax/ws/rs/javax.ws.rs-api/2.0/javax.ws.rs-api-2.0.jar:/home/yue/.m2/repository/org/hibernate/hibernate-validator/5.1.3.Final/hibernate-validator-5.1.3.Final.jar:/home/yue/.m2/repository/javax/validation/validation-api/1.1.0.Final/validation-api-1.1.0.Final.jar:/home/yue/.m2/repository/org/jboss/logging/jboss-logging/3.1.3.GA/jboss-logging-3.1.3.GA.jar:/home/yue/.m2/repository/com/fasterxml/classmate/1.0.0/classmate-1.0.0.jar:/home/yue/.m2/repository/org/scala-lang/scala-library/2.11.12/scala-library-2.11.12.jar:/home/yue/.m2/repository/org/scala-lang/scala-reflect/2.11.12/scala-reflect-2.11.12.jar:/home/yue/.m2/repository/com/typesafe/play/play-java_2.11/2.4.8/play-java_2.11-2.4.8.jar:/home/yue/.m2/repository/com/typesafe/play/play_2.11/2.4.8/play_2.11-2.4.8.jar:/home/yue/.m2/repository/com/typesafe/play/build-link/2.4.8/build-link-2.4.8.jar:/home/yue/.m2/repository/com/typesafe/play/play-exceptions/2.4.8/play-exceptions-2.4.8.jar:/home/yue/.m2/repository/com/typesafe/play/play-iteratees_2.11/2.4.8/play-iteratees_2.11-2.4.8.jar:/home/yue/.m2/repository/com/typesafe/play/play-json_2.11/2.4.8/play-json_2.11-2.4.8.jar:/home/yue/.m2/repository/com/typesafe/play/play-functional_2.11/2.4.8/play-functional_2.11-2.4.8.jar:/home/yue/.m2/repository/com/typesafe/play/play-datacommons_2.11/2.4.8/play-datacommons_2.11-2.4.8.jar:/home/yue/.m2/repository/com/typesafe/play/play-netty-utils/2.4.8/play-netty-utils-2.4.8.jar:/home/yue/.m2/repository/com/typesafe/play/twirl-api_2.11/1.1.1/twirl-api_2.11-1.1.1.jar:/home/yue/.m2/repository/org/scala-lang/modules/scala-xml_2.11/1.0.1/scala-xml_2.11-1.0.1.jar:/home/yue/.m2/repository/org/scala-lang/modules/scala-parser-combinators_2.11/1.0.1/scala-parser-combinators_2.11-1.0.1.jar:/home/yue/.m2/repository/org/scala-stm/scala-stm_2.11/0.7/scala-stm_2.11-0.7.jar:/home/yue/.m2/repository/org/joda/joda-convert/1.7/joda-convert-1.7.jar:/home/yue/.m2/repository/xerces/xercesImpl/2.11.0/xercesImpl-2.11.0.jar:/home/yue/.m2/repository/xml-apis/xml-apis/1.4.01/xml-apis-1.4.01.jar:/home/yue/.m2/repository/javax/transaction/jta/1.1/jta-1.1.jar:/home/yue/.m2/repository/com/google/inject/guice/4.0/guice-4.0.jar:/home/yue/.m2/repository/javax/inject/javax.inject/1/javax.inject-1.jar:/home/yue/.m2/repository/aopalliance/aopalliance/1.0/aopalliance-1.0.jar:/home/yue/.m2/repository/com/google/inject/extensions/guice-assistedinject/4.0/guice-assistedinject-4.0.jar:/home/yue/.m2/repository/org/scala-lang/modules/scala-java8-compat_2.11/0.3.0/scala-java8-compat_2.11-0.3.0.jar:/home/yue/.m2/repository/org/springframework/spring-context/4.1.6.RELEASE/spring-context-4.1.6.RELEASE.jar:/home/yue/.m2/repository/org/springframework/spring-core/4.1.6.RELEASE/spring-core-4.1.6.RELEASE.jar:/home/yue/.m2/repository/org/springframework/spring-beans/4.1.6.RELEASE/spring-beans-4.1.6.RELEASE.jar:/home/yue/.m2/repository/org/reflections/reflections/0.9.9/reflections-0.9.9.jar:/home/yue/.m2/repository/net/jodah/typetools/0.4.3/typetools-0.4.3.jar:/home/yue/.m2/repository/org/apache/tomcat/tomcat-servlet-api/8.0.21/tomcat-servlet-api-8.0.21.jar:/home/yue/.m2/repository/org/javassist/javassist/3.19.0-GA/javassist-3.19.0-GA.jar:/home/yue/.m2/repository/com/typesafe/play/play-netty-server_2.11/2.4.8/play-netty-server_2.11-2.4.8.jar:/home/yue/.m2/repository/com/typesafe/play/play-server_2.11/2.4.8/play-server_2.11-2.4.8.jar:/home/yue/.m2/repository/com/typesafe/netty/netty-http-pipelining/1.1.4/netty-http-pipelining-1.1.4.jar:/home/yue/.m2/repository/org/fusesource/leveldbjni/leveldbjni-all/1.8/leveldbjni-all-1.8.jar:/home/yue/.m2/repository/com/typesafe/akka/akka-contrib_2.11/2.3.16/akka-contrib_2.11-2.3.16.jar:/home/yue/.m2/repository/com/typesafe/akka/akka-remote_2.11/2.3.16/akka-remote_2.11-2.3.16.jar:/home/yue/.m2/repository/org/uncommons/maths/uncommons-maths/1.2.2a/uncommons-maths-1.2.2a.jar:/home/yue/.m2/repository/com/typesafe/akka/akka-persistence-experimental_2.11/2.3.16/akka-persistence-experimental_2.11-2.3.16.jar:/home/yue/.m2/repository/org/iq80/leveldb/leveldb/0.5/leveldb-0.5.jar:/home/yue/.m2/repository/org/iq80/leveldb/leveldb-api/0.5/leveldb-api-0.5.jar:/home/yue/.m2/repository/com/fasterxml/jackson/core/jackson-core/2.5.1/jackson-core-2.5.1.jar:/home/yue/.m2/repository/com/fasterxml/jackson/core/jackson-databind/2.5.1/jackson-databind-2.5.1.jar:/home/yue/.m2/repository/com/fasterxml/jackson/core/jackson-annotations/2.5.1/jackson-annotations-2.5.1.jar:/home/yue/.m2/repository/com/fasterxml/jackson/module/jackson-module-scala_2.11/2.5.1/jackson-module-scala_2.11-2.5.1.jar:/home/yue/.m2/repository/com/fasterxml/jackson/datatype/jackson-datatype-jdk8/2.5.1/jackson-datatype-jdk8-2.5.1.jar:/home/yue/.m2/repository/com/fasterxml/jackson/datatype/jackson-datatype-jsr310/2.5.1/jackson-datatype-jsr310-2.5.1.jar:/home/yue/.m2/repository/com/typesafe/config/1.3.0/config-1.3.0.jar:/home/yue/.m2/repository/com/typesafe/akka/akka-cluster_2.11/2.3.16/akka-cluster_2.11-2.3.16.jar:/home/yue/.m2/repository/org/deeplearning4j/deeplearning4j-ui-model/1.0.0-beta2/deeplearning4j-ui-model-1.0.0-beta2.jar:/home/yue/.m2/repository/org/agrona/Agrona/0.5.4/Agrona-0.5.4.jar:/home/yue/.m2/repository/org/mapdb/mapdb/3.0.5/mapdb-3.0.5.jar:/home/yue/.m2/repository/org/jetbrains/kotlin/kotlin-stdlib/1.0.7/kotlin-stdlib-1.0.7.jar:/home/yue/.m2/repository/org/jetbrains/kotlin/kotlin-runtime/1.0.7/kotlin-runtime-1.0.7.jar:/home/yue/.m2/repository/org/eclipse/collections/eclipse-collections-api/7.1.2/eclipse-collections-api-7.1.2.jar:/home/yue/.m2/repository/net/jcip/jcip-annotations/1.0/jcip-annotations-1.0.jar:/home/yue/.m2/repository/org/eclipse/collections/eclipse-collections/7.1.2/eclipse-collections-7.1.2.jar:/home/yue/.m2/repository/org/eclipse/collections/eclipse-collections-forkjoin/7.1.2/eclipse-collections-forkjoin-7.1.2.jar:/home/yue/.m2/repository/net/jpountz/lz4/lz4/1.3.0/lz4-1.3.0.jar:/home/yue/.m2/repository/org/mapdb/elsa/3.0.0-M5/elsa-3.0.0-M5.jar:/home/yue/.m2/repository/org/xerial/sqlite-jdbc/3.15.1/sqlite-jdbc-3.15.1.jar:/home/yue/.m2/repository/org/deeplearning4j/deeplearning4j-ui-resources/1.0.0-beta2/deeplearning4j-ui-resources-1.0.0-beta2.jar:/home/yue/.m2/repository/org/deeplearning4j/deeplearning4j-parallel-wrapper_2.11/1.0.0-beta2/deeplearning4j-parallel-wrapper_2.11-1.0.0-beta2.jar:/home/yue/.m2/repository/com/beust/jcommander/1.27/jcommander-1.27.jar:/home/yue/.m2/repository/org/nd4j/nd4j-parameter-server/1.0.0-beta2/nd4j-parameter-server-1.0.0-beta2.jar:/home/yue/.m2/repository/org/nd4j/nd4j-parameter-server-model/1.0.0-beta2/nd4j-parameter-server-model-1.0.0-beta2.jar:/home/yue/.m2/repository/org/apache/httpcomponents/httpmime/4.5.3/httpmime-4.5.3.jar:/home/yue/.m2/repository/com/mashape/unirest/unirest-java/1.4.9/unirest-java-1.4.9.jar:/home/yue/.m2/repository/org/apache/httpcomponents/httpasyncclient/4.1.1/httpasyncclient-4.1.1.jar:/home/yue/.m2/repository/org/apache/httpcomponents/httpcore-nio/4.4.4/httpcore-nio-4.4.4.jar:/home/yue/.m2/repository/org/json/json/20160212/json-20160212.jar:/home/yue/.m2/repository/org/nd4j/nd4j-aeron/1.0.0-beta2/nd4j-aeron-1.0.0-beta2.jar:/home/yue/.m2/repository/io/aeron/aeron-all/1.0.4/aeron-all-1.0.4.jar:/home/yue/.m2/repository/org/nd4j/nd4j-parameter-server-client/1.0.0-beta2/nd4j-parameter-server-client-1.0.0-beta2.jar:/home/yue/.m2/repository/org/datavec/datavec-hadoop/1.0.0-beta2/datavec-hadoop-1.0.0-beta2.jar:/home/yue/.m2/repository/com/sun/xml/bind/jaxb-core/2.2.11/jaxb-core-2.2.11.jar:/home/yue/.m2/repository/com/sun/xml/bind/jaxb-impl/2.2.11/jaxb-impl-2.2.11.jar:/home/yue/.m2/repository/io/netty/netty/3.10.4.Final/netty-3.10.4.Final.jar:/home/yue/.m2/repository/org/apache/zookeeper/zookeeper/3.4.6/zookeeper-3.4.6.jar:/home/yue/.m2/repository/jline/jline/0.9.94/jline-0.9.94.jar:/home/yue/.m2/repository/junit/junit/3.8.1/junit-3.8.1.jar:/home/yue/.m2/repository/org/apache/hadoop/hadoop-common/2.2.0/hadoop-common-2.2.0.jar:/home/yue/.m2/repository/org/apache/hadoop/hadoop-annotations/2.2.0/hadoop-annotations-2.2.0.jar:/usr/lib/jvm/java-8-oracle/jre/../lib/tools.jar:/home/yue/.m2/repository/commons-cli/commons-cli/1.2/commons-cli-1.2.jar:/home/yue/.m2/repository/org/apache/commons/commons-math/2.1/commons-math-2.1.jar:/home/yue/.m2/repository/xmlenc/xmlenc/0.52/xmlenc-0.52.jar:/home/yue/.m2/repository/commons-httpclient/commons-httpclient/3.1/commons-httpclient-3.1.jar:/home/yue/.m2/repository/commons-codec/commons-codec/1.4/commons-codec-1.4.jar:/home/yue/.m2/repository/commons-net/commons-net/3.1/commons-net-3.1.jar:/home/yue/.m2/repository/javax/servlet/servlet-api/2.5/servlet-api-2.5.jar:/home/yue/.m2/repository/org/mortbay/jetty/jetty/6.1.26/jetty-6.1.26.jar:/home/yue/.m2/repository/org/mortbay/jetty/jetty-util/6.1.26/jetty-util-6.1.26.jar:/home/yue/.m2/repository/com/sun/jersey/jersey-core/1.9/jersey-core-1.9.jar:/home/yue/.m2/repository/com/sun/jersey/jersey-json/1.9/jersey-json-1.9.jar:/home/yue/.m2/repository/org/codehaus/jettison/jettison/1.1/jettison-1.1.jar:/home/yue/.m2/repository/stax/stax-api/1.0.1/stax-api-1.0.1.jar:/home/yue/.m2/repository/org/codehaus/jackson/jackson-jaxrs/1.8.3/jackson-jaxrs-1.8.3.jar:/home/yue/.m2/repository/org/codehaus/jackson/jackson-xc/1.8.3/jackson-xc-1.8.3.jar:/home/yue/.m2/repository/com/sun/jersey/jersey-server/1.9/jersey-server-1.9.jar:/home/yue/.m2/repository/asm/asm/3.1/asm-3.1.jar:/home/yue/.m2/repository/tomcat/jasper-compiler/5.5.23/jasper-compiler-5.5.23.jar:/home/yue/.m2/repository/tomcat/jasper-runtime/5.5.23/jasper-runtime-5.5.23.jar:/home/yue/.m2/repository/javax/servlet/jsp/jsp-api/2.1/jsp-api-2.1.jar:/home/yue/.m2/repository/commons-el/commons-el/1.0/commons-el-1.0.jar:/home/yue/.m2/repository/commons-logging/commons-logging/1.1.1/commons-logging-1.1.1.jar:/home/yue/.m2/repository/net/java/dev/jets3t/jets3t/0.6.1/jets3t-0.6.1.jar:/home/yue/.m2/repository/commons-configuration/commons-configuration/1.6/commons-configuration-1.6.jar:/home/yue/.m2/repository/commons-collections/commons-collections/3.2.1/commons-collections-3.2.1.jar:/home/yue/.m2/repository/commons-digester/commons-digester/1.8/commons-digester-1.8.jar:/home/yue/.m2/repository/commons-beanutils/commons-beanutils/1.7.0/commons-beanutils-1.7.0.jar:/home/yue/.m2/repository/commons-beanutils/commons-beanutils-core/1.8.0/commons-beanutils-core-1.8.0.jar:/home/yue/.m2/repository/org/codehaus/jackson/jackson-core-asl/1.8.8/jackson-core-asl-1.8.8.jar:/home/yue/.m2/repository/org/codehaus/jackson/jackson-mapper-asl/1.8.8/jackson-mapper-asl-1.8.8.jar:/home/yue/.m2/repository/org/apache/avro/avro/1.7.4/avro-1.7.4.jar:/home/yue/.m2/repository/com/thoughtworks/paranamer/paranamer/2.3/paranamer-2.3.jar:/home/yue/.m2/repository/org/xerial/snappy/snappy-java/1.0.4.1/snappy-java-1.0.4.1.jar:/home/yue/.m2/repository/com/google/protobuf/protobuf-java/2.5.0/protobuf-java-2.5.0.jar:/home/yue/.m2/repository/org/apache/hadoop/hadoop-auth/2.2.0/hadoop-auth-2.2.0.jar:/home/yue/.m2/repository/com/jcraft/jsch/0.1.42/jsch-0.1.42.jar:/home/yue/.m2/repository/org/deeplearning4j/arbiter-deeplearning4j/1.0.0-beta2/arbiter-deeplearning4j-1.0.0-beta2.jar:/home/yue/.m2/repository/org/deeplearning4j/arbiter-core/1.0.0-beta2/arbiter-core-1.0.0-beta2.jar:/home/yue/.m2/repository/org/deeplearning4j/arbiter-ui_2.11/1.0.0-beta2/arbiter-ui_2.11-1.0.0-beta2.jar:/home/yue/.m2/repository/org/datavec/datavec-data-codec/1.0.0-beta2/datavec-data-codec-1.0.0-beta2.jar:/home/yue/.m2/repository/org/jcodec/jcodec/0.1.5/jcodec-0.1.5.jar:/home/yue/.m2/repository/jfree/jfreechart/1.0.13/jfreechart-1.0.13.jar:/home/yue/.m2/repository/jfree/jcommon/1.0.16/jcommon-1.0.16.jar:/home/yue/.m2/repository/org/jfree/jcommon/1.0.23/jcommon-1.0.23.jar:/home/yue/.m2/repository/org/apache/httpcomponents/httpclient/4.3.5/httpclient-4.3.5.jar:/home/yue/.m2/repository/org/apache/httpcomponents/httpcore/4.3.2/httpcore-4.3.2.jar:/home/yue/.m2/repository/ch/qos/logback/logback-classic/1.1.7/logback-classic-1.1.7.jar:/home/yue/.m2/repository/ch/qos/logback/logback-core/1.1.7/logback-core-1.1.7.jar:/home/yue/.m2/repository/edu/umd/cs/psl-groovy/1.2.1/psl-groovy-1.2.1.jar:/home/yue/Public/Java/psl/psl-core/target/psl-core-1.2.1.jar:/home/yue/.m2/repository/edu/emory/mathcs/parallelcolt/0.9.4/parallelcolt-0.9.4.jar:/home/yue/.m2/repository/edu/emory/mathcs/csparsej/1.0/csparsej-1.0.jar:/home/yue/.m2/repository/edu/emory/mathcs/jplasma/1.2/jplasma-1.2.jar:/home/yue/.m2/repository/org/ujmp/ujmp-complete/0.2.4/ujmp-complete-0.2.4.jar:/home/yue/.m2/repository/log4j/log4j/1.2.16/log4j-1.2.16.jar:/home/yue/.m2/repository/org/slf4j/slf4j-log4j12/1.5.8/slf4j-log4j12-1.5.8.jar:/home/yue/.m2/repository/mysql/mysql-connector-java/5.1.34/mysql-connector-java-5.1.34.jar:/home/yue/.m2/repository/com/h2database/h2/1.2.126/h2-1.2.126.jar:/home/yue/.m2/repository/com/healthmarketscience/sqlbuilder/sqlbuilder/2.0.6/sqlbuilder-2.0.6.jar:/home/yue/.m2/repository/com/healthmarketscience/common/common-util/1.0.2/common-util-1.0.2.jar:/home/yue/.m2/repository/de/mathnbits/mathnbitsSTL/1.0/mathnbitsSTL-1.0.jar:/home/yue/.m2/repository/net/sourceforge/collections/collections-generic/4.01/collections-generic-4.01.jar:/home/yue/.m2/repository/com/wcohen/secondstring/20120620/secondstring-20120620.jar:/home/yue/.m2/repository/org/codehaus/groovy/groovy-eclipse-batch/2.3.7-01/groovy-eclipse-batch-2.3.7-01.jar:/home/yue/.m2/repository/org/codehaus/groovy/groovy-all/2.3.7/groovy-all-2.3.7.jar:/home/yue/.m2/repository/org/apache/commons/commons-collections4/4.1/commons-collections4-4.1.jar